reporting rate after Jun 2020 = 0.5; ever infected by Nov 2021 (actual rollout) = 53.4%
Infections Dec 11 2020 - Nov 30 2021:
  No vaccine          4154602 | by income quartile Poorest  48.5% Q2  50.2% Q3  53.1% Richest  66.8% | BX  43.8% BK  53.9% MN  67.5% QN  53.5% SI  50.0%
  Actual rollout      1372814 | by income quartile Poorest  18.4% Q2  18.6% Q3  18.7% Richest  16.4% | BX  18.7% BK  18.2% MN  14.6% QN  18.4% SI  25.9%
  Uniform             1543191 | by income quartile Poorest  18.9% Q2  19.8% Q3  20.2% Richest  22.3% | BX  18.3% BK  18.5% MN  20.5% QN  22.4% SI  25.9%
  Income-based        1724638 | by income quartile Poorest  19.7% Q2  20.8% Q3  21.5% Richest  28.8% | BX  19.2% BK  20.1% MN  27.5% QN  23.5% SI  27.1%
  Susceptible-first   1471167 | by income quartile Poorest  19.0% Q2  20.2% Q3  19.9% Richest  18.3% | BX  19.8% BK  16.4% MN  15.9% QN  23.1% SI  28.9%
  Commuting-based     1749660 | by income quartile Poorest  22.9% Q2  23.5% Q3  24.0% Richest  21.6% | BX  21.2% BK  22.3% MN  19.0% QN  26.7% SI  28.4%
  Hotspot             1574593 | by income quartile Poorest  19.3% Q2  19.9% Q3  20.5% Richest  23.1% | BX  18.2% BK  19.7% MN  21.9% QN  21.6% SI  25.0%
First-dose coverage on Apr 1 2021:
  Actual rollout    Poorest  22.3% Q2  24.9% Q3  25.9% Richest  38.0%
  Uniform           Poorest  26.4% Q2  27.4% Q3  27.2% Richest  29.8%
  Income-based      Poorest  28.3% Q2  28.7% Q3  27.8% Richest  25.9%
  Susceptible-first Poorest  24.3% Q2  25.0% Q3  26.5% Richest  35.2%
  Commuting-based   Poorest  22.6% Q2  23.7% Q3  23.9% Richest  40.6%
  Hotspot           Poorest  28.3% Q2  30.3% Q3  28.4% Richest  23.7%
Fitted ZIP transmission factor vs income (pop-weighted mean by income quartile, per period):
  period 0: Poorest 1.05 Q2 1.05 Q3 1.02 Richest 0.87
  period 1: Poorest 1.07 Q2 1.07 Q3 1.01 Richest 0.85
  period 2: Poorest 1.06 Q2 1.10 Q3 1.01 Richest 0.82
  period 3: Poorest 0.96 Q2 1.12 Q3 1.00 Richest 0.93
  period 4: Poorest 1.03 Q2 1.15 Q3 1.00 Richest 0.83
